Processing megaatmega2560 (platform: atmelavr; board: megaatmega2560; framework: arduino)
--------------------------------------------------------------------------------
Verbose mode can be enabled via `-v, --verbose` option
CONFIGURATION: https://docs.platformio.org/page/boards/atmelavr/megaatmega2560.html
PLATFORM: Atmel AVR (5.1.0) > Arduino Mega or Mega 2560 ATmega2560 (Mega 2560)
HARDWARE: ATMEGA2560 16MHz, 8KB RAM, 248KB Flash
DEBUG: Current (avr-stub) External (avr-stub, simavr)
PACKAGES: 
 - framework-arduino-avr @ 5.2.0 
 - toolchain-atmelavr @ 1.70300.191015 (7.3.0)
LDF: Library Dependency Finder -> https://bit.ly/configure-pio-ldf
LDF Modes: Finder ~ chain, Compatibility ~ soft
Found 10 compatible libraries
Scanning dependencies...
Dependency Graph
|-- QTRSensors @ 4.0.0
|-- Adafruit_VL53L0X @ 1.2.4+sha.23dc309
|-- Wire @ 1.0
Building in release mode
Checking size .pio\build\megaatmega2560\firmware.elf
Advanced Memory Usage is available via "PlatformIO Home > Project Inspect"
RAM:   [====      ]  40.7% (used 3336 bytes from 8192 bytes)
Flash: [==        ]  15.1% (used 38428 bytes from 253952 bytes)
========================= [SUCCESS] Took 3.87 seconds =========================
